0000 size=02404h (  9220) load[0m
[0;32mI (130) esp_image: segment 3: padets Jul 29 2019 12:21:46

rst:0x1 (POWERON_RESET),boot:0x13 (SPI_FAST_FLASH_BOOT)
configsip: 0, SPIWP:0xee
clk_drv:0x00,q_drv:0x00,d_drv:0x00,cs0_drv:0x00,hd_drv:0x00,wp_drv:0x00
mode:DIO, clock div:2
load:0x3fff0030,len:7176
load:0x40078000,len:15564
ho 0 tail 12 room 4
load:0x40080400,len:4
load:0x40080404,len:3904
entry 0x40080640
[0;32mI (31) boot: ESP-IDF v5.3 2nd stage bootloader[0m
[0;32mI (31) boot: compile time Nov 22 2024 19:36:13[0m
[0;32mI (31) boot: Multicore bootloader[0m
[0;32mI (35) boot: chip revision: v3.1[0m
[0;32mI (39) boot.esp32: SPI Speed      : 40MHz[0m
[0;32mI (44) boot.esp32: SPI Mode       : DIO[0m
[0;32mI (48) boot.esp32: SPI Flash Size : 2MB[0m
[0;32mI (53) boot: Enabling RNG early entropy source...[0m
[0;32mI (58) boot: Partition Table:[0m
[0;32mI (62) boot: ## Label            Usage          Type ST Offset   Length[0m
[0;32mI (69) boot:  0 nvs              WiFi data        01 02 00009000 00006000[0m
[0;32mI (76) boot:  1 phy_init         RF data          01 01 0000f000 00001000[0m
[0;32mI (84) boot:  2 factory          factory app      00 00 00010000 00100000[0m
[0;32mI (91) boot: End of partition table[0m
[0;32mI (96) esp_image: segment 0: paddr=00010020 vaddr=3f400020 size=0b900h ( 47360) map[0m
[0;32mI (120) esp_image: segment 1: paddr=0001b928 vaddr=3ff80000 size=00004h (     4) load[0m
[0;32mI (121) esp_image: segment 2: paddr=0001b934 vaddr=3ffb0000 size=02404h (  9220) load[0m
[0;32mI (130) esp_image: segment 3: paddr=0001dd40 vaddr=40080000 size=022d8h (  8920) load[0m
[0;32mI (138) esp_image: segment 4: paddr=00020020 vaddr=400d0020 size=18938h (100664) map[0m
[0;32mI (178) esp_image: segment 5: paddr=00038960 vaddr=400822d8 size=0b5a8h ( 46504) load[0m
[0;32mI (203) boot: Loaded app from partition at offset 0x10000[0m
[0;32mI (203) boot: Disabling RNG early entropy source...[0m
[0;32mI (215) cpu_start: Multicore app[0m
[0;32mI (223) cpu_start: Pro cpu start user code[0m
[0;32mI (223) cpu_start: cpu freq: 160000000 Hz[0m
[0;32mI (223) app_init: Application information:[0m
[0;32mI (226) app_init: Project name:     MAX4466_Driver[0m
[0;32mI (232) app_init: App version:      1[0m
[0;32mI (236) app_init: Compile time:     Nov 22 2024 19:36:08[0m
[0;32mI (242) app_init: ELF file SHA256:  bd89006b3...[0m
[0;32mI (247) app_init: ESP-IDF:          v5.3[0m
[0;32mI (252) efuse_init: Min chip rev:     v0.0[0m
[0;32mI (257) efuse_init: Max chip rev:     v3.99 [0m
[0;32mI (262) efuse_init: Chip rev:         v3.1[0m
[0;32mI (267) heap_init: Initializing. RAM available for dynamic allocation:[0m
[0;32mI (274) heap_init: At 3FFAE6E0 len 00001920 (6 KiB): DRAM[0m
[0;32mI (280) heap_init: At 3FFB5D20 len 0002A2E0 (168 KiB): DRAM[0m
[0;32mI (286) heap_init: At 3FFE0440 len 00003AE0 (14 KiB): D/IRAM[0m
[0;32mI (292) heap_init: At 3FFE4350 len 0001BCB0 (111 KiB): D/IRAM[0m
[0;32mI (299) heap_init: At 4008D880 len 00012780 (73 KiB): IRAM[0m
[0;32mI (307) spi_flash: detected chip: generic[0m
[0;32mI (310) spi_flash: flash io: dio[0m
[0;33mW (314) spi_flash: Detected size(4096k) larger than the size in the binary image header(2048k). Using the size in the binary image header.[0m
[0;32mI (328) main_task: Started on CPU0[0m
[0;32mI (338) main_task: Calling app_main()[0m
976 1127 1086 1627 1569 1520 2027 2018 1764 1307 655 1259 1561 1664 2261 2306 2064 2445 2605 2255 2467 2639 2275 2493 2839 2430 2503 2875 2503 2558 3097 2699 2599 3085 2735 2498 1937 1829 2346 2279 2243 2800 2726 2512 3029 3193 2927 3463 3571 2943 3390 3799 3085 3328 3730 3002 3254 3953 3168 3323 4095 3364 3041 2270 2139 2695 2519 2651 3580 3413 3366 4095 4019 3560 3889 2883 2147 2163 1837 1306 1535 1599 1280 1641 1862 1505 1774 2142 1783 1558 973 1238 1907 1718 1998 2672 2460 2598 3312 2954 2919 3894 3741 3699 4095 4095 4095 4095 4095 3856 4095 4095 3425 3904 4095 3344 2821 2238 2480 2915 2598 2815 3421 2854 2890 3574 3055 3071 4015 3345 3154 3921 3226 2871 3395 2917 2609 3122 2933 2548 2934 2832 2399 1964 1535 1975 2285 2067 2463 2896 2635 3025 3616 2981 3136 3618 2907 2867 3315 2789 2744 3265 2797 2651 3107 2777 2559 2954 2731 2384 1783 1472 1975 2067 1973 2475 2643 2455 2868 3118 2688 2897 3206 2703 2841 3280 2754 2752 3216 2759 2706 3152 2685 2538 3019 2685 2416 1902 1713 2207 2166 2083 2583 2607 2412 2847 2947 2619 2951 3085 2559 2821 3088 2559 2690 2957 2396 2486 2909 2472 2601 3136 2704 2487 1667 1713 2224 1933 2066 2657 2351 2358 2895 2523 2416 2956 2695 2526 2999 2665 2156 2645 2773 2640 3007 3045 2664 2923 3103 2645 2239 1661 1957 2374 2069 2237 2529 2158 2402 3070 2710 2672 3168 2718 2609 3188 2865 2661 3200 2927 2608 3031 2801 2394 2768 2816 2416 1939 1451 1758 2041 1843 2240 2641 2352 2633 3130 2634 2688 3156 2629 2689 3361 2903 2870 3471 2901 2723 3313 2912 2663 3158 2891 2595 1995 1570 2061 2110 1879 2367 2483 2123 2512 2775 2368 2622 2882 2343 2465 2842 2390 2507 2967 2480 2475 2928 2505 2446 2991 2638 2367 1747 1623 2240 2289 2339 2994 3017 2796 3405 3546 3042 3504 3712 3095 3386 3711 2986 3141 3664 2969 3091 3649 2839 2751 3283 2761 2624 2199 2279 2935 2783 2768 3568 3418 3220 4017 3705 3147 3694 3534 2927 3216 3086 2559 2835 2960 2485 2694 2937 2525 2736 3140 2647 2396 1721 1757 2269 1979 2097 2661 2389 2448 3055 2751 2631 3122 2851 2621 2987 2731 2379 2729 2765 2493 2822 2941 2588 2851 3102 2640 2288 1723 1968 2353 2112 2321 2788 2530 2699 3275 2833 2807 3439 2994 2832 3417 3071 2855 3439 3147 2765 3147 3006 2641 3023 3086 2614 2192 1708 2013 2331 2112 2422 2802 2438 2593 2887 2320 2416 2981 2621 2733 3332 2763 2854 3374 2786 2768 3297 2800 2731 3294 2928 2734 2128 1984 2583 2481 2045 2640 2671 2699 3579 3458 3071 3731 3658 2993 3291 3367 2838 3100 3071 2267 2126 2199 1590 1524 1808 1287 976 354 491 1198 1195 1498 2253 2229 2317 2961 2826 2707 3430 3408 3120 3758 3664 3098 3667 3924 3303 3795 4093 3283 3679 4095 3383 2989 2295 2393 2880 2463 2555 3191 2781 2839 3654 3097 2927 3639 3120 2885 3609 3195 2844 3357 2994 2584 3038 3050 2706 3221 3376 2802 2352 1735 1990 2333 2000 2347 2813 2434 2625 3111 2613 2646 3179 2677 2554 3027 2683 2589 3155 2891 2743 3313 3071 0 0 0 0 0 0 0 0 0 0 0 0 0 0 0 0 0 0 0 0 0 0 0 0 0 0 0 0 0 0 0 0 0 0 0 0 0 0 0 0 0 0 0 0 0 0 0 0 0 0 0 0 0 0 0 0 0 0 0 0 0 0 0 0 0 0 0 0 0 0 0 0 0 0 0 0 0 0 0 0 0 0 0 0 0 0 0 0 0 0 0 0 0 0 0 0 0 0 0 0 0 0 0 0 0 0 0 0 0 0 0 0 0 0 0 0 0 0 0 0 0 0 0 0 0 0 0 0 0 0 0 0 0 0 0 0 0 0 0 0 0 0 0 0 0 0 0 0 0 0 0 0 0 0 0 0 0 0 0 0 0 0 0 0 0 0 0 0 0 0 0 0 0 0 0 0 0 0 0 0 0 0 0 0 0 0 0 0 0 0 0 0 0 0 0 0 0 0 0 0 0 0 0 0 0 0 0 0 0 0 0 0 0 0 0 0 0 0 0 0 0 0 0 0 0 0 0 0 0 0 0 0 0 0 0 0 0 0 0 0 0 0 0 0 0 0 0 0 0 0 0 0 0 0 0 0 0 0 0 0 0 0 0 0 0 0 0 0 0 0 0 0 0 0 0 0 0 0 0 0 0 0 0 0 0 0 0 0 0 0 0 0 0 0 0 0 0 0 0 0 0 0 0 0 0 0 0 0 0 0 0 0 0 0 0 0 0 0 0 0 0 0 0 0 0 0 0 0 0 0 0 0 0 0 0 0 0 0 0 0 0 0 0 0 0 0 0 0 0 0 0 0 0 0 0 0 0 0 0 0 0 0 0 0 0 0 0 0 0 0 0 0 0 0 0 0 0 0 0 0 0 0 0 0 0 0 0 0 0 0 0 0 0 0 0 0 0 0 0 0 0 0 0 0 0 0 0 0 0 0 0 0 0 0 0 0 0 0 0 0 0 0 0 0 0 0 0 0 0 0 0 0 0 0 0 0 0 0 0 0 0 0 0 0 0 0 0 0 0 0 0 0 0 0 0 0 0 0 0 0 0 0 0 0 0 0 0 0 0 0 0 0 0 0 0 0 0 0 0 0 0 0 0 0 0 0 0 0 0 0 0 0 0 0 0 0 0 0 0 0 0 0 0 0 0 0 0 0 0 0 0 0 0 0 0 0 0 0 0 0 0 0 0 0 0 0 0 0 0 0 0 0 0 0 0 0 0 0 0 0 0 0 0 0 0 0 0 0 0 0 0 0 0 0 0 0 0 0 0 0 0 0 0 0 0 0 0 0 0 0 0 0 0 0 0 0 0 0 0 0 0 0 0 0 0 0 0 0 0 0 0 0 0 0 0 0 0 0 0 0 0 0 0 0 0 0 0 0 0 0 0 0 0 0 0 0 0 0 0 0 0 0 0 0 0 0 0 0 0 0 0 0 0 0 0 0 0 0 0 0 0 0 0 0 0 0 0 0 0 0 0 0 0 0 0 0 0 0 0 0 0 0 0 0 0 0 0 0 0 0 0 0 0 0 0 0 0 0 0 0 0 0 0 0 0 0 0 0 0 0 0 0 0 0 0 0 0 0 0 0 0 0 0 0 0 0 0 0 0 0 0 0 0 0 0 0 0 0 0 0 0 0 0 0 0 0 0 0 0 0 0 0 0 0 0 0 0 0 0 0 0 0 0 0 0 0 0 0 0 0 0 0 0 0 0 0 0 0 0 0 0 0 0 0 0 0 0 0 0 0 0 0 0 0 0 0 0 0 0 0 0 0 0 0 0 0 0 0 0 0 0 0 0 0 0 0 0 0 0 0 0 0 0 0 0 0 0 0 0 0 0 0 0 0 0 0 0 0 0 0 0 0 0 0 0 0 0 0 0 0 0 0 0 0 0 0 0 0 0 0 0 0 0 0 0 0 0 0 0 0 0 0 0 0 0 0 0 0 0 0 0 0 0 0 0 0 0 0 0 0 0 0 0 0 0 0 0 0 0 0 0 0 0 0 0 0 0 0 0 0 0 0 0 0 0 0 0 0 0 0 0 0 0 0 0 0 0 0 0 0 0 0 0 0 0 0 0 0 0 0 0 0 0 0 0 0 0 0 0 0 0 0 0 0 0 0 0 0 0 0 0 0 0 0 0 0 0 0 0 0 0 0 0 0 0 0 0 0 0 0 0 0 0 0 0 0 0 0 0 0 0 0 0 0 0 0 0 0 0 0 0 0 0 0 0 0 0 0 0 0 0 0 0 0 0 0 0 0 0 0 0 0 0 0 0 0 0 0 0 0 0 0 0 0 0 0 0 0 0 0 0 0 0 0 0 0 0 0 0 0 0 0 0 0 0 0 0 0 0 0 0 0 0 0 0 0 0 0 0 0 0 0 0 0 0 0 0 0 0 0 0 0 0 0 0 0 0 0 0 0 0 0 0 0 0 0 0 0 0 0 0 0 0 0 0 0 0 0 0 0 0 0 0 0 0 0 0 0 0 0 0 0 0 0 0 0 0 0 0 0 0 0 0 0 0 0 0 0 0 0 0 0 0 0 0 0 0 0 0 0 0 0 0 0 0 0 0 0 0 0 0 0 0 0 0 0 0 0 0 0 0 0 0 0 0 0 0 0 0 0 0 0 0 0 0 0 0 0 0 0 0 0 0 0 0 0 0 0 0 0 0 0 0 0 0 0 0 0 0 0 0 0 0 0 0 0 0 0 0 0 0 0 0 0 0 0 0 0 0 0 0 0 0 0 0 0 0 0 0 0 0 0 0 0 0 0 0 0 0 0 0 0 0 0 0 0 0 0 0 0 0 0 0 0 0 0 0 0 0 0 0 0 0 0 0 0 0 0 0 0 0 0 0 0 0 0 0 0 0 0 0 0 0 0 0 0 0 0 0 0 0 0 0 0 0 0 0 0 0 0 0 0 0 0 0 0 0 0 0 0 0 0 0 0 0 0 0 0 0 0 0 0 0 0 0 0 0 0 0 0 0 0 0 0 0 0 0 0 0 0 0 0 0 0 0 0 0 0 0 0 0 0 0 0 0 0 0 0 0 0 0 0 0 0 0 0 0 0 0 0 0 0 0 0 0 0 0 0 0 0 0 0 0 0 0 0 0 0 0 0 0 0 0 0 0 0 0 0 0 0 0 0 0 0 0 0 0 0 0 0 0 0 0 0 0 0 0 0 0 0 0 0 0 0 0 0 0 0 0 0 0 0 0 0 0 0 0 0 0 0 0 0 0 0 0 0 0 0 0 0 0 0 0 0 0 0 0 0 0 0 0 0 0 0 0 0 0 0 0 0 0 0 0 0 0 0 0 0 0 0 0 0 0 0 0 0 0 0 0 0 
