ets Jul 29 2019 12:21:46

rst:0x1 (POWERON_RESET),boot:0x13 (SPI_FAST_FLASH_BOOT)
configsip: 0, SPIWP:0xee
clk_drv:0x00,q_drv:0x00,d_drv:0x00,cs0_drv:0x00,hd_drv:0x00,wp_drv:0x00
mode:DIO, clock div:2
load:0x3fff0030,len:7176
load:0x40078000,len:15564
ho 0 tail 12 room 4
load:0x40080400,len:4
load:0x40080404,len:3904
entry 0x40080640
[0;32mI (31) boot: ESP-IDF v5.3 2nd stage bootloader[0m
[0;32mI (31) boot: compile time Nov 22 2024 19:36:13[0m
[0;32mI (31) boot: Multicore bootloader[0m
[0;32mI (35) boot: chip revision: v3.1[0m
[0;32mI (39) boot.esp32: SPI Speed      : 40MHz[0m
[0;32mI (44) boot.esp32: SPI Mode       : DIO[0m
[0;32mI (48) boot.esp32: SPI Flash Size : 2MB[0m
[0;32mI (53) boot: Enabling RNG early entropy source...[0m
[0;32mI (58) boot: Partition Table:[0m
[0;32mI (62) boot: ## Label            Usage          Type ST Offset   Length[0m
[0;32mI (69) boot:  0 nvs              WiFi data        01 02 00009000 00006000[0m
[0;32mI (76) boot:  1 phy_init         RF data          01 01 0000f000 00001000[0m
[0;32mI (84) boot:  2 factory          factory app      00 00 00010000 00100000[0m
[0;32mI (91) boot: End of partition table[0m
[0;32mI (96) esp_image: segment 0: paddr=00010020 vaddr=3f400020 size=0b900h ( 47360) map[0m
[0;32mI (120) esp_image: segment 1: paddr=0001b928 vaddr=3ff80000 size=00004h (     4) load[0m
[0;32mI (121) esp_image: segment 2: paddr=0001b934 vaddr=3ffb0000 size=02404h (  9220) load[0m
[0;32mI (130) esp_image: segment 3: paddr=0001dd40 vaddr=40080000 size=022d8h (  8920) load[0m
[0;32mI (138) esp_image: segment 4: paddr=00020020 vaddr=400d0020 size=18938h (100664) map[0m
[0;32mI (178) esp_image: segment 5: paddr=00038960 vaddr=400822d8 size=0b5a8h ( 46504) load[0m
[0;32mI (203) boot: Loaded app from partition at offset 0x10000[0m
[0;32mI (203) boot: Disabling RNG early entropy source...[0m
[0;32mI (215) cpu_start: Multicore app[0m
[0;32mI (223) cpu_start: Pro cpu start user code[0m
[0;32mI (223) cpu_start: cpu freq: 160000000 Hz[0m
[0;32mI (223) app_init: Application information:[0m
[0;32mI (226) app_init: Project name:     MAX4466_Driver[0m
[0;32mI (232) app_init: App version:      1[0m
[0;32mI (236) app_init: Compile time:     Nov 22 2024 19:36:08[0m
[0;32mI (242) app_init: ELF file SHA256:  bd89006b3...[0m
[0;32mI (247) app_init: ESP-IDF:          v5.3[0m
[0;32mI (252) efuse_init: Min chip rev:     v0.0[0m
[0;32mI (257) efuse_init: Max chip rev:     v3.99 [0m
[0;32mI (262) efuse_init: Chip rev:         v3.1[0m
[0;32mI (267) heap_init: Initializing. RAM available for dynamic allocation:[0m
[0;32mI (274) heap_init: At 3FFAE6E0 len 00001920 (6 KiB): DRAM[0m
[0;32mI (280) heap_init: At 3FFB5D20 len 0002A2E0 (168 KiB): DRAM[0m
[0;32mI (286) heap_init: At 3FFE0440 len 00003AE0 (14 KiB): D/IRAM[0m
[0;32mI (292) heap_init: At 3FFE4350 len 0001BCB0 (111 KiB): D/IRAM[0m
[0;32mI (299) heap_init: At 4008D880 len 00012780 (73 KiB): IRAM[0m
[0;32mI (307) spi_flash: detected chip: generic[0m
[0;32mI (310) spi_flash: flash io: dio[0m
[0;33mW (314) spi_flash: Detected size(4096k) larger than the size in the binary image header(2048k). Using the size in the binary image header.[0m
[0;32mI (328) main_task: Started on CPU0[0m
[0;32mI (338) main_task: Calling app_main()[0m
0 0 0 0 0 0 366 1397 1671 2699 3675 4095 4095 4095 4095 4095 4095 4095 4095 4095 3364 2832 2080 2118 2635 2400 2555 3067 2699 2598 3008 2515 2240 2790 2800 2465 2687 2618 2203 2451 2646 2295 2465 2533 2061 2294 2770 2397 2241 1851 2083 2595 2306 2381 2880 2288 2310 3071 2804 2550 2965 2533 2244 2608 2225 2110 2914 2838 2592 3056 2887 2352 2641 2819 2653 2494 1940 2066 2204 1668 1741 1392 0 0 8 16 293 1168 923 978 1393 1203 1395 2115 2096 2032 2471 2461 2369 3031 3407 2896 1877 1111 1297 1355 1088 1409 1430 973 1034 1254 971 1135 1372 1072 1169 1712 1488 1606 2393 2346 2406 3119 2805 2414 2735 2404 2007 1606 2131 4095 4095 3830 3838 3648 3669 4095 4095 4095 4095 4095 4095 4095 4095 4095 4095 4095 4095 4095 4095 4095 4095 4095 4095 4095 4095 3895 4095 4095 3631 4095 4095 3970 4095 4095 3888 4095 4095 4095 4095 4095 3373 3030 2993 2664 3489 4095 4095 3935 4095 2688 1056 0 0 0 0 1 176 783 1808 3067 3438 3371 4095 4095 4095 4095 4095 4095 4095 4095 4095 4095 4095 4095 4095 4095 2937 2550 2220 2559 3440 3344 3794 4095 3372 2233 1706 317 2 31 0 37 364 135 185 611 243 119 510 129 122 597 603 619 720 809 1728 1799 1171 1579 1714 1076 1425 1703 1367 1712 2179 1969 2253 2727 2437 2509 2896 2464 2509 3088 3238 4095 4095 4095 4095 3216 3846 4095 4095 4095 4095 4095 4095 4095 4095 4095 4095 4095 4095 4095 4095 4095 4095 4095 4095 4095 4095 4095 4095 4095 3674 2941 1812 1362 1750 1332 1213 2156 2410 2390 3002 2887 2599 3365 3408 3059 3875 4014 2992 3359 3802 3085 3347 3536 2647 2537 2864 2559 2509 1902 1969 2494 2174 2346 3056 2761 2797 3068 2500 2119 2195 1347 208 38 0 0 19 0 0 0 0 0 0 0 0 0 0 0 21 57 571 1121 1111 1805 4065 4095 4095 4095 4095 4095 4095 4095 4095 4095 4095 4095 4095 4095 4095 4095 4095 3935 3107 2418 2529 3027 2803 3288 4095 3130 3079 3568 2698 2639 3155 2634 2391 2865 2420 2377 2928 2691 2611 3024 2619 2342 2722 2608 2043 1708 1535 1999 1799 1053 865 301 0 16 2 7 22 31 31 130 1 0 0 0 0 0 0 10 806 2922 4036 4095 3629 3658 4095 3729 2810 2930 3087 3120 4095 4095 4095 4095 4095 4095 4095 4095 4095 4095 4095 4095 4095 4095 4095 3414 3032 1895 1245 467 199 753 432 464 1098 1093 1428 2425 2500 2407 2205 829 1 29 0 18 168 1 9 94 176 84 681 1687 2171 2473 2122 3111 4095 4095 4095 4095 4095 4095 4095 4095 4095 4095 4095 4095 4095 4095 4095 4095 4095 4095 4095 4095 4095 4095 4095 4095 4095 4095 4095 4095 4095 4095 4095 4095 4095 4095 3956 3856 4095 4095 4047 4095 3792 3139 3482 2620 2389 3034 2841 2598 3114 2773 2431 2125 1830 2330 2464 2115 2531 2608 2381 2928 3343 2639 2715 2736 1446 400 0 0 0 0 0 0 14 0 13 77 16 23 0 16 95 45 711 2668 4095 4095 4095 4095 0 0 0 0 0 0 0 0 0 0 0 0 0 0 0 0 0 0 0 0 0 0 0 0 0 0 0 0 0 0 0 0 0 0 0 0 0 0 0 0 0 0 0 0 0 0 0 0 0 0 0 0 0 0 0 0 0 0 0 0 0 0 0 0 0 0 0 0 0 0 0 0 0 0 0 0 0 0 0 0 0 0 0 0 0 0 0 0 0 0 0 0 0 0 0 0 0 0 0 0 0 0 0 0 0 0 0 0 0 0 0 0 0 0 0 0 0 0 0 0 0 0 0 0 0 0 0 0 0 0 0 0 0 0 0 0 0 0 0 0 0 0 0 0 0 0 0 0 0 0 0 0 0 0 0 0 0 0 0 0 0 0 0 0 0 0 0 0 0 0 0 0 0 0 0 0 0 0 0 0 0 0 0 0 0 0 0 0 0 0 0 0 0 0 0 0 0 0 0 0 0 0 0 0 0 0 0 0 0 0 0 0 0 0 0 0 0 0 0 0 0 0 0 0 0 0 0 0 0 0 0 0 0 0 0 0 0 0 0 0 0 0 0 0 0 0 0 0 0 0 0 0 0 0 0 0 0 0 0 0 0 0 0 0 0 0 0 0 0 0 0 0 0 0 0 0 0 0 0 0 0 0 0 0 0 0 0 0 0 0 0 0 0 0 0 0 0 0 0 0 0 0 0 0 0 0 0 0 0 0 0 0 0 0 0 0 0 0 0 0 0 0 0 0 0 0 0 0 0 0 0 0 0 0 0 0 0 0 0 0 0 0 0 0 0 0 0 0 0 0 0 0 0 0 0 0 0 0 0 0 0 0 0 0 0 0 0 0 0 0 0 0 0 0 0 0 0 0 0 0 0 0 0 0 0 0 0 0 0 0 0 0 0 0 0 0 0 0 0 0 0 0 0 0 0 0 0 0 0 0 0 0 0 0 0 0 0 0 0 0 0 0 0 0 0 0 0 0 0 0 0 0 0 0 0 0 0 0 0 0 0 0 0 0 0 0 0 0 0 0 0 0 0 0 0 0 0 0 0 0 0 0 0 0 0 0 0 0 0 0 0 0 0 0 0 0 0 0 0 0 0 0 0 0 0 0 0 0 0 0 0 0 0 0 0 0 0 0 0 0 0 0 0 0 0 0 0 0 0 0 0 0 0 0 0 0 0 0 0 0 0 0 0 0 0 0 0 0 0 0 0 0 0 0 0 0 0 0 0 0 0 0 0 0 0 0 0 0 0 0 0 0 0 0 0 0 0 0 0 0 0 0 0 0 0 0 0 0 0 0 0 0 0 0 0 0 0 0 0 0 0 0 0 0 0 0 0 0 0 0 0 0 0 0 0 0 0 0 0 0 0 0 0 0 0 0 0 0 0 0 0 0 0 0 0 0 0 0 0 0 0 0 0 0 0 0 0 0 0 0 0 0 0 0 0 0 0 0 0 0 0 0 0 0 0 0 0 0 0 0 0 0 0 0 0 0 0 0 0 0 0 0 0 0 0 0 0 0 0 0 0 0 0 0 0 0 0 0 0 0 0 0 0 0 0 0 0 0 0 0 0 0 0 0 0 0 0 0 0 0 0 0 0 0 0 0 0 0 0 0 0 0 0 0 0 0 0 0 0 0 0 0 0 0 0 0 0 0 0 0 0 0 0 0 0 0 0 0 0 0 0 0 0 0 0 0 0 0 0 0 0 0 0 0 0 0 0 0 0 0 0 0 0 0 0 0 0 0 0 0 0 0 0 0 0 0 0 0 0 0 0 0 0 0 0 0 0 0 0 0 0 0 0 0 0 0 0 0 0 0 0 0 0 0 0 0 0 0 0 0 0 0 0 0 0 0 0 0 0 0 0 0 0 0 0 0 0 0 0 0 0 0 0 0 0 0 0 0 0 0 0 0 0 0 0 0 0 0 0 0 0 0 0 0 0 0 0 0 0 0 0 0 0 0 0 0 0 0 0 0 0 0 0 0 0 0 0 0 0 0 0 0 0 0 0 0 0 0 0 0 0 0 0 0 0 0 0 0 0 0 0 0 0 0 0 0 0 0 0 0 0 0 0 0 0 0 0 0 0 0 0 0 0 0 0 0 0 0 0 0 0 0 0 0 0 0 0 0 0 0 0 0 0 0 0 0 0 0 0 0 0 0 0 0 0 0 0 0 0 0 0 0 0 0 0 0 0 0 0 0 0 0 0 0 0 0 0 0 0 0 0 0 0 0 0 0 0 0 0 0 0 0 0 0 0 0 0 0 0 0 0 0 0 0 0 0 0 0 0 0 0 0 0 0 0 0 0 0 0 0 0 0 0 0 0 0 0 0 0 0 0 0 0 0 0 0 0 0 0 0 0 0 0 0 0 0 0 0 0 0 0 0 0 0 0 0 0 0 0 0 0 0 0 0 0 0 0 0 0 0 0 0 0 0 0 0 0 0 0 0 0 0 0 0 0 0 0 0 0 0 0 0 0 0 0 0 0 0 0 0 0 0 0 0 0 0 0 0 0 0 0 0 0 0 0 0 0 0 0 0 0 0 0 0 0 0 0 0 0 0 0 0 0 0 0 0 0 0 0 0 0 0 0 0 0 0 0 0 0 0 0 0 0 0 0 0 0 0 0 0 0 0 0 0 0 0 0 0 0 0 0 0 0 0 0 0 0 0 0 0 0 0 0 0 0 0 0 0 0 0 0 0 0 0 0 0 0 0 0 0 0 0 0 0 0 0 0 0 0 0 0 0 0 0 0 0 0 0 0 0 0 0 0 0 0 0 0 0 0 0 0 0 0 0 0 0 0 0 0 0 0 0 0 0 0 0 0 0 0 0 0 0 0 0 0 0 0 0 0 0 0 0 0 0 0 0 0 0 0 0 0 0 0 0 0 0 0 0 0 0 0 0 0 0 0 0 0 0 0 0 0 0 0 0 0 0 0 0 0 0 0 0 0 0 0 0 0 0 0 0 0 0 0 0 0 0 0 0 0 0 0 0 0 0 0 0 0 0 0 0 0 0 0 0 0 0 0 0 0 0 0 0 0 0 0 0 0 0 0 0 0 0 0 0 0 0 0 0 0 0 0 0 0 0 0 0 0 0 0 0 0 0 0 0 0 0 0 0 0 0 0 0 0 0 0 0 0 0 0 0 0 0 0 0 0 0 0 0 0 0 0 0 0 0 0 0 0 0 0 0 0 0 0 0 0 0 0 0 0 0 0 0 0 0 0 0 0 0 0 0 0 0 0 0 0 0 0 0 0 0 0 0 0 0 0 0 0 0 0 0 0 0 0 0 0 0 0 0 0 0 0 0 0 0 0 0 0 0 0 0 0 0 0 0 0 0 0 0 0 0 
[0;31mE (6858) task_wdt: Task watchdog got triggered. The following tasks/users did not reset the watchdog in time:[0m
[0;31mE (6858) task_wdt:  - IDLE0 (CPU 0)[0m
[0;31mE (6858) task_wdt: Tasks currently running:[0m
[0;31mE (6858) task_wdt: CPU 0: main[0m
[0;31mE (6858) task_wdt: CPU 1: IDLE1[0m
[0;31mE (6858) task_wdt: Print CPU 0 (current core) backtrace[0m


Backtrace: 0x400D7DF7:0x3FFB1020 0x400D81BC:0x3FFB1040 0x4008319D:0x3FFB1070 0x400D661D:0x3FFB8000 0x400E7FCC:0x3FFB8020 0x40086BE9:0x3FFB8050

[0;31mE (11858) task_wdt: Task watchdog got triggered. The following tasks/users did not reset the watchdog in time:[0m
[0;31mE (11858) task_wdt:  - IDLE0 (CPU 0)[0m
[0;31mE (11858) task_wdt: Tasks currently running:[0m
[0;31mE (11858) task_wdt: CPU 0: main[0m
[0;31mE (11858) task_wdt: CPU 1: IDLE1[0m
[0;31mE (11858) task_wdt: Print CPU 0 (current core) backtrace[0m


Backtrace: 0x400D7DF7:0x3FFB1020 0x400D81BC:0x3FFB1040 0x4008319D:0x3FFB1070 0x400D661D:0x3FFB8000 0x400E7FCC:0x3FFB8020 0x40086BE9:0x3FFB8050

[0;31mE (16858) task_wdt: Task watchdog got triggered. The following tasks/users did not reset the watchdog in time:[0m
[0;31mE (16858) task_wdt:  - IDLE0 (CPU 0)[0m
[0;31mE (16858) task_wdt: Tasks currently running:[0m
[0;31mE (16858) task_wdt: CPU 0: main[0m
[0;31mE (16858) task_wdt: CPU 1: IDLE1[0m
[0;31mE (16858) task_wdt: Print CPU 0 (current core) backtrace[0m


Backtrace: 0x400D7DF7:0x3FFB1020 0x400D81BC:0x3FFB1040 0x4008319D:0x3FFB1070 0x400D661D:0x3FFB8000 0x400E7FCC:0x3FFB8020 0x40086BE9:0x3FFB8050

[0;31mE (21858) task_wdt: Task watchdog got triggered. The following tasks/users did not reset the watchdog in time:[0m
[0;31mE (21858) task_wdt:  - IDLE0 (CPU 0)[0m
[0;31mE (21858) task_wdt: Tasks currently running:[0m
[0;31mE (21858) task_wdt: CPU 0: main[0m
[0;31mE (21858) task_wdt: CPU 1: IDLE1[0m
[0;31mE (21858) task_wdt: Print CPU 0 (current core) backtrace[0m


Backtrace: 0x400D7DF7:0x3FFB1020 0x400D81BC:0x3FFB1040 0x4008319D:0x3FFB1070 0x400D661D:0x3FFB8000 0x400E7FCC:0x3FFB8020 0x40086BE9:0x3FFB8050

