gment 3: paddr=0001c5d4 vaddr=40gment 3: paddr=0001c5d4 vaddr=40gment 3: paddr=0001c5d4 vaddr=40gment 3: paddr=0001c5d4 vaddr=40gment 3: paddr=0001c5d4 vaddr=40gment 3: paddr=0001c5d4 vaddr=40gment 3: paddr=0001c5d4 vaddr=40gment 3: paddr=0001c5d4 vaddr=40gment 3: paddr=0001c5d4 vaddr=40gment 3: paddr=0001c5d4 vaddr=40gment 3: paddr=0001c5d4 vaddr=40gment 3: paddr=0001c5d4 vaddr=40gment 3: paddr=0001c5d4 vaddr=40gment 3: paddr=0001c5d4 vaddr=40gment 3: paddr=0001c5d4 vaddr=40gment 3: paddr=0001c5d4 vaddr=40gment 3: paddr=0001c5d4 vaddr=40gment 3: paddr=0001c5d4 vaddr=40gment 3: paddr=0001c5d4 vaddr=40gment 3: paddr=0001c5d4 vaddr=40gment 3: paddr=0001c5d4 vaddr=40gment 3: paddr=0001c5d4 vaddr=40gment 3: paddr=0001c5d4 vaddr=40gment 3: paddr=0001c5d4 vaddr=40gment 3: paddr=0001c5d4 vaddr=40gment 3: paddr=0001c5d4 vaddr=40gment 3: paddr=0001c5d4 vaddr=40gment 3: paddr=0001c5d4 vaddr=40gment 3: paddr=0001c5d4 vaddr=40gment 3: paddr=0001c5d4 vaddr=40gment 3: paddr=0001c5d4 vaddr=40gment 3: paddr=0001c5d4 vaddr=40gment 3: paddr=0001c5d4 vaddr=40gment 3: paddr=0001c5d4 vaddr=40gment 3: paddr=0001c5d4 vaddr=40gment 3: paddr=0001c5d4 vaddr=40gment 3: paddr=0001c5d4 vaddr=40gment 3: paddr=0001c5d4 vaddr=40[0m
[0;32mI (139) esp_image: segment 4: paddr=00020020 vaddr=ï¿½ets Jul 29 2019 12:21:46

rst:0x1 (POWERON_RESET),boot:0x13 (SPI_FAST_FLASH_BOOT)
configsip: 0, SPIWP:0xee
clk_drv:0x00,q_drv:0x00,d_drv:0x00,cs0_drv:0x00,hd_drv:0x00,wp_drv:0x00
mode:DIO, clock div:2
load:0x3fff0030,len:7176
load:0x40078000,len:15564
ho 0 tail 12 room 4
load:0x40080400,len:4
load:0x40080404,len:3904
entry 0x40080640
[0;32mI (31) boot: ESP-IDF v5.3 2nd stage bootloader[0m
[0;32mI (31) boot: compile time Nov 22 2024 19:36:13[0m
[0;32mI (31) boot: Multicore bootloader[0m
[0;32mI (35) boot: chip revision: v3.1[0m
[0;32mI (39) boot.esp32: SPI Speed      : 40MHz[0m
[0;32mI (44) boot.esp32: SPI Mode       : DIO[0m
[0;32mI (48) boot.esp32: SPI Flash Size : 2MB[0m
[0;32mI (53) boot: Enabling RNG early entropy source...[0m
[0;32mI (58) boot: Partition Table:[0m
[0;32mI (62) boot: ## Label            Usage          Type ST Offset   Length[0m
[0;32mI (69) boot:  0 nvs              WiFi data        01 02 00009000 00006000[0m
[0;32mI (76) boot:  1 phy_init         RF data          01 01 0000f000 00001000[0m
[0;32mI (84) boot:  2 factory          factory app      00 00 00010000 00100000[0m
[0;32mI (91) boot: End of partition table[0m
[0;32mI (96) esp_image: segment 0: paddr=00010020 vaddr=3f400020 size=0a224h ( 41508) map[0m
[0;32mI (118) esp_image: segment 1: paddr=0001a24c vaddr=3ff80000 size=00004h (     4) load[0m
[0;32mI (119) esp_image: segment 2: paddr=0001a258 vaddr=3ffb0000 size=02374h (  9076) load[0m
[0;32mI (128) esp_image: segment 3: paddr=0001c5d4 vaddr=40080000 size=03a44h ( 14916) load[0m
[0;32mI (139) esp_image: segment 4: paddr=00020020 vaddr=400d0020 size=15cd4h ( 89300) map[0m
[0;32mI (172) esp_image: segment 5: paddr=00035cfc vaddr=40083a44 size=09500h ( 38144) load[0m
[0;32mI (193) boot: Loaded app from partition at offset 0x10000[0m
[0;32mI (194) boot: Disabling RNG early entropy source...[0m
[0;32mI (205) cpu_start: Multicore app[0m
[0;32mI (214) cpu_start: Pro cpu start user code[0m
[0;32mI (214) cpu_start: cpu freq: 160000000 Hz[0m
[0;32mI (214) app_init: Application information:[0m
[0;32mI (217) app_init: Project name:     MAX4466_Driver[0m
[0;32mI (222) app_init: App version:      1[0m
[0;32mI (227) app_init: Compile time:     Nov 22 2024 19:36:08[0m
[0;32mI (233) app_init: ELF file SHA256:  70328de0c...[0m
[0;32mI (238) app_init: ESP-IDF:          v5.3[0m
[0;32mI (243) efuse_init: Min chip rev:     v0.0[0m
[0;32mI (247) efuse_init: Max chip rev:     v3.99 [0m
[0;32mI (252) efuse_init: Chip rev:         v3.1[0m
[0;32mI (257) heap_init: Initializing. RAM available for dynamic allocation:[0m
[0;32mI (264) heap_init: At 3FFAE6E0 len 00001920 (6 KiB): DRAM[0m
[0;32mI (270) heap_init: At 3FFB2C80 len 0002D380 (180 KiB): DRAM[0m
[0;32mI (277) heap_init: At 3FFE0440 len 00003AE0 (14 KiB): D/IRAM[0m
[0;32mI (283) heap_init: At 3FFE4350 len 0001BCB0 (111 KiB): D/IRAM[0m
[0;32mI (289) heap_init: At 4008CF44 len 000130BC (76 KiB): IRAM[0m
[0;32mI (297) spi_flash: detected chip: generic[0m
[0;32mI (300) spi_flash: flash io: dio[0m
[0;33mW (304) spi_flash: Detected size(4096k) larger than the size in the binary image header(2048k). Using the size in the binary image header.[0m
[0;32mI (318) main_task: Started on CPU0[0m
[0;32mI (328) main_task: Calling app_main()[0m
[0;32mI (328) gpio: GPIO[14]| InputEn: 0| OutputEn: 1| OpenDrain: 0| Pullup: 0| Pulldown: 0| Intr:0 [0m
[0;32mI (328) gpio: GPIO[25]| InputEn: 0| OutputEn: 1| OpenDrain: 0| Pullup: 0| Pulldown: 0| Intr:0 [0m
[0;32mI (338) gpio: GPIO[26]| InputEn: 0| OutputEn: 1| OpenDrain: 0| Pullup: 0| Pulldown: 0| Intr:0 [0m
[0;32mI (348) gpio: GPIO[27]| InputEn: 0| OutputEn: 1| OpenDrain: 0| Pullup: 0| Pulldown: 0| Intr:0 [0m
[0;32mI (358) gpio: GPIO[32]| InputEn: 0| OutputEn: 1| OpenDrain: 0| Pullup: 0| Pulldown: 0| Intr:0 [0m
[0;32mI (368) gpio: GPIO[33]| InputEn: 0| OutputEn: 1| OpenDrain: 0| Pullup: 0| Pulldown: 0| Intr:0 [0m
4095 
4095 
4095 
4095 
4095 
4095 
4095 
4095 
4095 
4095 
4095 
4095 
4095 
4095 
4095 
4095 
4095 
4095 
4095 
4095 
4095 
4095 
4095 
4095 
4095 
4095 
4095 
4095 
4095 
4095 
4095 
4095 
4095 
4095 
4095 
4095 
4095 
4095 
4095 
4095 
4095 
4095 
4095 
4095 
4095 
4095 
4095 
4095 
4095 
4095 
4095 
4095 
4095 
4095 
4095 
4095 
4095 
4095 
4095 
4095 
4095 
4095 
4095 
4095 
4095 
4095 
4095 
4095 
4095 
4095 
4095 
4095 
4095 
4095 
4095 
4095 
4095 
4095 
4095 
4095 
4095 
4095 
4095 
4095 
4095 
4095 
4095 
4095 
4095 
4095 
4095 
4095 
4095 
4095 
4095 
4095 
4095 
4095 
4095 
4095 
4095 
4095 
4095 
4095 
4095 
4095 
4095 
0 
4095 
4095 
4095 
4095 
2933 
4095 
4095 
0 
4095 
4095 
4095 
4095 
4095 
4095 
0 
4095 
4095 
0 
4095 
0 
4095 
4095 
0 
4095 
0 
4095 
4095 
0 
4095 
0 
4095 
4095 
0 
4095 
0 
4095 
4095 
0 
4095 
0 
4095 
4095 
0 
4095 
0 
4095 
4095 
0 
4095 
4095 
4095 
4095 
4095 
4095 
4095 
4095 
4095 
4095 
4095 
4095 
4095 
4095 
4095 
4095 
4095 
4095 
4095 
0 
4095 
401 
3784 
4095 
4095 
1739 
1680 
1715 
4095 
4095 
4095 
4095 
4095 
4095 
4095 
4095 
4095 
4095 
4095 
4095 
4095 
4095 
4095 
4095 
4095 
4095 
4095 
4095 
4095 
4095 
4095 
4095 
4095 
4095 
4095 
4095 
4095 
4095 
4095 
4095 
4095 
4095 
4095 
4095 
4095 
4095 
3071 
0 
4095 
0 
4095 
3553 
0 
4095 
0 
4095 
3930 
0 
4095 
0 
4095 
4095 
0 
4095 
0 
4095 
4095 
0 
4095 
4095 
4095 
4095 
4095 
4095 
0 
4095 
4095 
4095 
4095 
4095 
1456 
4095 
4095 
4095 
4095 
4095 
4095 
4095 
4095 
4095 
4095 
4095 
4095 
4095 
4095 
4095 
4095 
4095 
4095 
4095 
4095 
4095 
4095 
4095 
4095 
4095 
4095 
4095 
4095 
4095 
4095 
4095 
4095 
4095 
4095 
4095 
4095 
4095 
4095 
4095 
4095 
4095 
4095 
4095 
4095 
4095 
4095 
4095 
4095 
4095 
4095 
4095 
4095 
4095 
4095 
4095 
4095 
4095 
4095 
4095 
4095 
4095 
4095 
4095 
4095 
4095 
4095 
4095 
4095 
4095 
4095 
4095 
4095 
4095 
4095 
4095 
4095 
4095 
4095 
4095 
4095 
4095 
4095 
4095 
4095 
4095 
4095 
4095 
4095 
4095 
4095 
4095 
4095 
4095 
4095 
4095 
4095 
4095 
4095 
4095 
4095 
4095 
4095 
4095 
4095 
4095 
4095 
4095 
4095 
4095 
4095 
4095 
4095 
4095 
4095 
4095 
4095 
4095 
4095 
4095 
4095 
4095 
4095 
4095 
4095 
4095 
4095 
4095 
4095 
4095 
4095 
4095 
4095 
4095 
4095 
4095 
4095 
4095 
4095 
4095 
4095 
4095 
4095 
4095 
4095 
4095 
4095 
4095 
4095 
4095 
4095 
4095 
4095 
4095 
4095 
4095 
4095 
4095 
4095 
4095 
4095 
4095 
4095 
4095 
4095 
4095 
4095 
4095 
4095 
4095 
4095 
4095 
4095 
4095 
4095 
4095 
4095 
4095 
4095 
4095 
4095 
4095 
4095 
4095 
4095 
4095 
4095 
4095 
4095 
4095 
4095 
4095 
4095 
4095 
4095 
4095 
4095 
4095 
4095 
4095 
4095 
4095 
4095 
4095 
4095 
4095 
4095 
4095 
4095 
4095 
4095 
4095 
