[0m
[0m
[0m
[0m
[0m
[0m
[0m
[0m
[0m
[0m
[0m
[0m
[0m
[0m
[0m
[0m
[0m
[0m
[0m
[0m
[0m
[0m
[0m
[0m
[0m
[0m
[0m
[0m
[0m
[0m
[0m
[0m
[0m
[0m
[0m
[0m
[0m
[0m
[0m
[0m
[0m
[0m
[0m
[0m
[0m
[0m
[0m
[0m
[0m
[0m
[0m
[0m
[0m
[0m
[0m
[0m
[0m
[0m
[0m
[0m
[0m
[0m
[0m
[0m
[0m
[0m
[0m
[0m
[0m
[0m
[0m
[0m
[0m
[0m
[0m
[0m
[0m
[0m
[0m
[0m
[0m
[0m
[0m
[0m
[0m
[0m
[0m
[0m
[0m
[0m
[0m
[0m
[0m
[0m
[0m
[0m
[0m
[0m
[0m
[0m
[0m
[0m
[0m
[0m
[0m
[0m
[0m
[0m
[0m
[0m
[0m
[0m
[0m
[0m
[0m
[0m
[0m
[0m
[0m
[0m
[0m
[0m
[0m
[0m
[0m
[0m
[0m
[0m
[0m
[0m
[0m
[0m
[0m
[0m
[0m
[0m
[0m
[0;32mI (162) esp_imaï¿½[0;32mI (162) esp_imaï¿½[0;32mI (162) esp_imaï¿½[0;32mI (162) esp_imaï¿½[0;32mI (162) esp_imaï¿½[0;32mI (162) esp_imaï¿½[0;32mI (162) esp_imaï¿½[0;32mI (162) esp_imaï¿½[0;32mI (162) esp_imaï¿½[0;32mI (162) esp_imaï¿½[0;32mI (162) esp_imaï¿½[0;32mI (162) esp_imaï¿½[0;32mI (162) esp_imaï¿½[0;32mI (162) esp_imaï¿½[0;32mI (162) esp_imaï¿½[0;32mI (162) esp_imaï¿½[0;32mI (162) esp_imaï¿½[0;32mI (162) esp_imaï¿½[0;32mI (162) esp_imaï¿½[0;32mI (162) esp_imaï¿½[0;32mI (162) esp_imaï¿½[0;32mI (162) esp_imaï¿½[0;32mI (162) esp_imaï¿½[0;32mI (162) esp_imaï¿½[0;32mI (162) esp_imaï¿½[0;32mI (162) esp_imaï¿½[0;32mI (162) esp_imaï¿½[0;32mI (162) esp_imaï¿½[0;32mI (162) esp_imaï¿½[0;32mI (162) esp_imaï¿½[0;32mI (162) esp_imaï¿½[0;32mI (162) esp_imaï¿½[0;32mI (162) esp_imaï¿½[0;32mI (162) esp_imaï¿½[0;32mI (162) esp_imaï¿½[0;32mI (162) esp_imaï¿½[0;32mI (162) esp_imaï¿½[0;32mI (162) esp_imaï¿½[0;32mI (162) esp_imaï¿½[0;32mI (162) esp_imaï¿½[0;32mI (162) esp_imaï¿½[0;32mI (162) esp_imaï¿½[0;32mI (162) esp_imaï¿½[0;32mI (162) esp_imaï¿½[0;32mI (162) esp_imaï¿½[0;32mI (162) esp_imaï¿½[0;32mI (162) esp_imaï¿½[0;32mI (162) esp_imaï¿½[0;32mI (162) esp_imaï¿½[0;32mI (162) esp_imaï¿½[0;32mI (162) esp_imaï¿½[0;32mI (162) esp_imaï¿½[0;32mI (162) esp_imaï¿½[0;32mI (162) esp_imaï¿½[0;32mI (162) esp_imaï¿½[0;32mI (162) esp_imaï¿½[0;32mI (162) esp_imaï¿½[0;32mI (162) esp_imaï¿½[0;32mI (162) esp_imaï¿½[0;32mI (162) esp_imaï¿½[0;32mI (162) esp_imaï¿½[0;32mI (162) esp_imaï¿½[0;32mI (162) esp_imaï¿½[0;32mI (162) esp_imaï¿½[0;32mI (162) esp_imaï¿½[0;32mI (162) esp_imaï¿½[0;32mI (162) esp_imaï¿½[0;32mI (162) esp_imaï¿½[0;32mI (162) esp_imaï¿½[0;32mI (162) esp_imaï¿½[0;32mI (162) esp_imaï¿½[0;32mI (162) esp_imaï¿½[0;32mI (162) esp_imaï¿½[0;32mI (162) esp_imaï¿½[0;32mI (162) esp_imaï¿½[0;32mI (162) esp_imaï¿½[0;32mI (162) esp_imaï¿½[0;32mI (162) esp_imaï¿½[0;32mI (162) esp_imaï¿½[0;32mI (162) esp_imaï¿½[0;32mI (162) esp_imaï¿½[0;32mI (162) esp_imaï¿½[0;32mI (162) esp_imaï¿½[0;32mI (162) esp_imaï¿½[0;32mI (162) esp_imaï¿½[0;32mI (162) esp_imaï¿½[0;32mI (162) esp_imaï¿½[0;32mI (162) esp_imaï¿½[0;32mI (162) esp_imaï¿½[0;32mI (162) esp_imaï¿½[0;32mI (162) esp_imaï¿½[0;32mI (162) esp_imaï¿½[0;32mI (162) esp_imaï¿½[0;32mI (162) esp_imaï¿½[0;32mI (162) esp_imaï¿½[0;32mI (162) esp_imaï¿½[0;32mI (162) esp_imaï¿½[0;32mI (162) esp_imaï¿½[0;32mI (162) esp_imaï¿½[0;32mI (162) esp_imaï¿½[0;32mI (162) esp_imaï¿½[0;32mI (162) esp_imaï¿½[0;32mI (162) esp_imaï¿½[0;32mI (162) esp_imaï¿½[0;32mI (162) esp_imaï¿½[0;32mI (162) esp_imaï¿½[0;32mI (162) esp_imaï¿½[0;32mI (162) esp_imaï¿½[0;32mI (162) esp_imaï¿½[0;32mI (162) esp_imaï¿½[0;32mI (162) esp_imaï¿½[0;32mI (162) esp_imaï¿½[0;32mI (162) esp_imaï¿½[0;32mI (162) esp_imaï¿½[0;32mI (162) esp_imaï¿½[0;32mI (162) esp_imaï¿½[0;32mI (162) esp_imaï¿½[0;32mI (162) esp_imaï¿½[0;32mI (162) esp_imaï¿½[0;32mI (162) esp_imaï¿½[0;32mI (162) esp_imaï¿½[0;32mI (162) esp_imaï¿½[0;32mI (162) esp_imaï¿½[0;32mI (162) esp_imaï¿½[0;32mI (162) esp_imaï¿½[0;32mI (162) esp_imaï¿½[0;32mI (162) esp_imaï¿½[0;32mI (162) esp_imaï¿½[0;32mI (162) esp_imaï¿½[0;32mI (162) esp_imaï¿½[0;32mI (162) esp_imaï¿½[0;32mI (162) esp_imaï¿½[0;32mI (162) esp_imaï¿½[0;32mI (162) esp_imaï¿½[0;32mI (162) esp_imaï¿½[0;32mI (162) esp_imaï¿½[0;32mI (162) esp_imaï¿½[0;32mI (162) esp_imaï¿½[0;32mI (162) esp_imaï¿½[0;32mI (162) esp_imaï¿½[0;32mI (162) esp_imaï¿½[0;32mI (162) esp_imaï¿½[0;32mI (162) esp_imaï¿½[0;32mI (162) esp_imaï¿½[0;32mI (162) esp_imaï¿½[0;32mI (162) esp_imaï¿½[0;32mI (162) esp_imaï¿½[0;32mI (162) esp_imaï¿½[0;32mI (162) esp_imaï¿½[0;32mI (162) esp_imaï¿½[0;32mI (162) esp_imaï¿½[0;32mI (162) esp_imaï¿½[0;32mI (162) esp_imaï¿½[0;32mI (162) esp_imaï¿½[0;32mI (162) esp_imaï¿½[0;32mI (162) esp_imaï¿½[0;32mI (162) esp_imaï¿½[0;32mI (162) esp_imaï¿½[0;32mI (162) esp_imaï¿½[0;32mI (162) esp_imaï¿½[0;32mI (162) esp_imaï¿½[0;32mI (162) esp_imaï¿½[0;32mI (162) esp_imaï¿½[0;32mI (162) esp_imaï¿½[0;32mI (162) esp_imaï¿½[0;32mI (162) esp_imaï¿½[0;32mI (162) esp_imaï¿½[0;32mI (162) esp_imaï¿½[0;32mI (162) esp_imaï¿½[0;32mI (162) esp_imaï¿½[0;32mI (162) esp_imaï¿½[0;32mI (162) esp_imaï¿½[0;32mI (162) esp_imaï¿½[0;32mI (162) esp_imaï¿½[0;32mI (162) esp_imaï¿½ets Jul 29 2019 12:21:46

rst:ets Jul 29 2019 12:21:46

rst:ets Jul 29 2019 12:21:46

rst:ets Jul 29 2019 12:21:46

rst:ets Jul 29 2019 12:21:46

rst:ets Jul 29 2019 12:21:46

rst:ets Jul 29 2019 12:21:46

rst:ets Jul 29 2019 12:21:46

rst:ets Jul 29 2019 12:21:46

rst:ets Jul 29 2019 12:21:46

rst:ets Jul 29 2019 12:21:46

rst:ets Jul 29 2019 12:21:46

rst:ets Jul 29 2019 12:21:46

rst:ets Jul 29 2019 12:21:46

rst:ets Jul 29 2019 12:21:46

rst:ets Jul 29 2019 12:21:46

rst:ets Jul 29 2019 12:21:46

rst:ets Jul 29 2019 12:21:46

rst:ets Jul 29 2019 12:21:46

rst:ets Jul 29 2019 12:21:46

rst:ets Jul 29 2019 12:21:46

rst:ets Jul 29 2019 12:21:46

rst:ets Jul 29 2019 12:21:46

rst:ets Jul 29 2019 12:21:46

rst:ets Jul 29 2019 12:21:46

rst:ets Jul 29 2019 12:21:46

rst:ets Jul 29 2019 12:21:46

rst:ets Jul 29 2019 12:21:46

rst:ets Jul 29 2019 12:21:46

rst:ets Jul 29 2019 12:21:46

rst:ets Jul 29 2019 12:21:46

rst:ets Jul 29 2019 12:21:46

rst:ets Jul 29 2019 12:21:46

rst:ets Jul 29 2019 12:21:46

rst:ets Jul 29 2019 12:21:46

rst:ets Jul 29 2019 12:21:46

rst:ets Jul 29 2019 12:21:46

rst:ets Jul 29 2019 12:21:46

rst:ets Jul 29 2019 12:21:46

rst:ets Jul 29 2019 12:21:46

rst:ets Jul 29 2019 12:21:46

rst:ets Jul 29 2019 12:21:46

rst:ets Jul 29 2019 12:21:46

rst:ets Jul 29 2019 12:21:46

rst:ets Jul 29 N_RESET),boot:0x17 (SPI_FAST_FLASH_BOOT)
configsip: 0, SPIWP:0xee
clk_drv:0x00,q_drv:0x00,d_drv:0x00,cs0_drv:0x00,hd_drv:0x00,wp_drv:0x00
mode:DIO, clock div:2
load:0x3fff0030,len:7176
load:0x40078000,len:15564
ho 0 tail 12 room 4
load:0x40080400,len:4
load:0x40080404,len:3904
entry 0x40080640
[0;32mI (31) boot: ESP-IDF v5.3 2nd stage bootloader[0m
[0;32mI (31) boot: compile time Oct 14 2024 13:44:59[0m
[0;32mI (31) boot: Multicore bootloader[0m
[0;32mI (35) boot: chip revision: v3.1[0m
[0;32mI (39) boot.esp32: SPI Speed      : 40MHz[0m
[0;32mI (44) boot.esp32: SPI Mode       : DIO[0m
[0;32mI (48) boot.esp32: SPI Flash Size : 2MB[0m
[0;32mI (53) boot: Enabling RNG early entropy source...[0m
[0;32mI (58) boot: Partition Table:[0m
[0;32mI (62) boot: ## Label            Usage          Type ST Offset   Length[0m
[0;32mI (69) boot:  0 nvs              WiFi data        01 02 00009000 00006000[0m
[0;32mI (76) boot:  1 phy_init         RF data          01 01 0000f000 00001000[0m
[0;32mI (84) boot:  2 factory          factory app      00 00 00010000 00100000[0m
[0;32mI (91) boot: End of partition table[0m
[0;32mI (96) esp_image: segment 0: paddr=00010020 vaddr=3f400020 size=09e7ch ( 40572) map[0m
[0;32mI (118) esp_image: segment 1: paddr=00019ea4 vaddr=3ffb0000 size=02374h (  9076) load[0m
[0;32mI (122) esp_image: segment 2: paddr=0001c220 vaddr=40080000 size=03df8h ( 15864) load[0m
[0;32mI (130) esp_image: segment 3: paddr=00020020 vaddr=400d0020 size=15220h ( 86560) map[0m
[0;32mI (162) esp_image: segment 4: paddr=00035248 vaddr=40083df8 size=0914ch ( 37196) load[0m
[0;32mI (183) boot: Loaded app from partition at offset 0x10000[0m
[0;32mI (183) boot: Disabling RNG early entropy source...[0m
[0;32mI (195) cpu_start: Multicore app[0m
[0;32mI (204) cpu_start: Pro cpu start user code[0m
[0;32mI (204) cpu_start: cpu freq: 160000000 Hz[0m
[0;32mI (204) app_init: Application information:[0m
[0;32mI (207) app_init: Project name:     I2C_Master[0m
[0;32mI (212) app_init: App version:      1[0m
[0;32mI (216) app_init: Compile time:     Oct 14 2024 13:44:55[0m
[0;32mI (222) app_init: ELF file SHA256:  70a8572dc...[0m
[0;32mI (227) app_init: ESP-IDF:          v5.3[0m
[0;32mI (232) efuse_init: Min chip rev:     v0.0[0m
[0;32mI (237) efuse_init: Max chip rev:     v3.99 [0m
[0;32mI (242) efuse_init: Chip rev:         v3.1[0m
[0;32mI (247) heap_init: Initializing. RAM available for dynamic allocation:[0m
[0;32mI (254) heap_init: At 3FFAE6E0 len 00001920 (6 KiB): DRAM[0m
[0;32mI (260) heap_init: At 3FFB2E78 len 0002D188 (180 KiB): DRAM[0m
[0;32mI (266) heap_init: At 3FFE0440 len 00003AE0 (14 KiB): D/IRAM[0m
[0;32mI (272) heap_init: At 3FFE4350 len 0001BCB0 (111 KiB): D/IRAM[0m
[0;32mI (279) heap_init: At 4008CF44 len 000130BC (76 KiB): IRAM[0m
[0;32mI (287) spi_flash: detected chip: generic[0m
[0;32mI (290) spi_flash: flash io: dio[0m
[0;33mW (294) spi_flash: Detected size(4096k) larger than the size in the binary image header(2048k). Using the size in the binary image header.[0m
[0;32mI (308) main_task: Started on CPU0[0m
[0;32mI (318) main_task: Calling app_main()[0m
[0;32mI (318) gpio: GPIO[4]| InputEn: 1| OutputEn: 1| OpenDrain: 1| Pullup: 0| Pulldown: 0| Intr:0 [0m
[0;32mI (318) gpio: GPIO[16]| InputEn: 1| OutputEn: 1| OpenDrain: 1| Pullup: 0| Pulldown: 0| Intr:0 [0m

--------------------
Transmit Time: 343271
--------------------
--------------------
Receive Time: 1497
--------------------
0
0
0
0
0
0
0
0
0
0
0
0
0
0
0
0
0
0
0
0
0
0
0
0
0
0
0
0
0
0
0
0
0
0
0
0
0
0
0
0
0
0
0
0
0
0
0
0
0
0
0
0
0
0
0
0
0
0
0
0
0
0
0
0
0
0
0
0
0
0
0
0
0
0
0
0
0
0
0
0
0
0
0
0
0
0
0
0
0
0
0
0
0
0
0
0
0
0
0
0
0
0
0
0
0
0
0
0
0
0
0
0
0
0
0
0
0
0
0
0
0
0
0
0
0
0
0
0
0
0
0
0
0
0
0
0
0
0
0
0
0
0
0
0
0
0
0
0
0
0
0
0
0
0
0
0
0
0
0
0
0
0
0
0
0
0
0
0
0
0
0
0
0
0
0
0
0
0
0
0
0
0
0
0
0
0
0
0
0
0
0
0
0
0
0
0
0
0
0
0
0
0
0
0
0
0
0
0
0
0
0
0
0
0
0
0
0
0
0
0
0
0
0
0
0
0
0
0
0
0
0
0
0
0
0
0
0
0
0
0
0
0
0
0
0
0
0
0
0
0
0
0
0
0
0
0
